---
source: src/lexer.rs
expression: lexer.lex()
---
- type:
    Op: BangEqual
  loc:
    line: 1
    col: 0
  len: 2
  value: ~
- type:
    Op: Lt
  loc:
    line: 1
    col: 3
  len: 1
  value: ~
- type:
    Op: Le
  loc:
    line: 1
    col: 5
  len: 2
  value: ~
- type:
    Op: Gt
  loc:
    line: 1
    col: 8
  len: 1
  value: ~
- type:
    Op: Ge
  loc:
    line: 1
    col: 10
  len: 2
  value: ~
- type:
    Op: EqualEqual
  loc:
    line: 1
    col: 13
  len: 2
  value: ~
- type:
    Op: Equal
  loc:
    line: 1
    col: 16
  len: 1
  value: ~
- type:
    Op: Star
  loc:
    line: 1
    col: 18
  len: 1
  value: ~
- type:
    Op: Plus
  loc:
    line: 1
    col: 20
  len: 1
  value: ~
- type:
    Op: Minus
  loc:
    line: 1
    col: 22
  len: 1
  value: ~
- type:
    Op: Slash
  loc:
    line: 1
    col: 24
  len: 1
  value: ~
- type: Eof
  loc:
    line: 1
    col: 25
  len: 0
  value: ~
