---
source: src/parser.rs
expression: parser.parse().unwrap()
---
- Expr:
    expr:
      Binary:
        left:
          Literal:
            value:
              Number: 1
        op:
          type: LessEqual
          lexeme: "<="
          literal: ~
          line: 1
        right:
          Literal:
            value:
              Number: 2
